mode: set
github.com/liyork/gopiano/com/wolf/piano/test/debug/test/becover.go:5.22,7.2 1 1
github.com/liyork/gopiano/com/wolf/piano/test/debug/test/becover.go:9.22,11.2 1 0
